Archive member included because of file (symbol)

D:\ANJA\Anja\3.godina\2.semestar\Razvoj softvera za digitalne mikrokontrolere\Vezbe\4 organizacija u biblioteke\pin_driver\Release\libpin_driver.a(pin.o)
                              ./main.o (pinSetValue)
D:\ANJA\Anja\3.godina\2.semestar\Razvoj softvera za digitalne mikrokontrolere\Vezbe\4 organizacija u biblioteke\timer_0\Release\libtimer_0.a(timer0.o)
                              ./main.o (timer0DelayMs)
c:/users/vts-zaposleni/downloads/ne brisati/eclipse/bin/../lib/gcc/avr/4.3.3/avr5\libgcc.a(_udivmodhi4.o)
                              ./rand_mto.o (__udivmodhi4)
c:/users/vts-zaposleni/downloads/ne brisati/eclipse/bin/../lib/gcc/avr/4.3.3/avr5\libgcc.a(_exit.o)
                              c:/users/vts-zaposleni/downloads/ne brisati/eclipse/bin/../lib/gcc/avr/4.3.3/../../../../avr/lib/avr5/crtm328p.o (exit)
c:/users/vts-zaposleni/downloads/ne brisati/eclipse/bin/../lib/gcc/avr/4.3.3/avr5\libgcc.a(_clear_bss.o)
                              ./rand_mto.o (__do_clear_bss)

Allocating common symbols
Common symbol       size              file

current_state       0x2               ./rand_mto.o

Memory Configuration

Name             Origin             Length             Attributes
text             0x00000000         0x00020000         xr
data             0x00800060         0x0000ffa0         rw !x
eeprom           0x00810000         0x00010000         rw !x
fuse             0x00820000         0x00000400         rw !x
lock             0x00830000         0x00000400         rw !x
signature        0x00840000         0x00000400         rw !x
*default*        0x00000000         0xffffffff

Linker script and memory map

Address of section .data set to 0x800100
LOAD c:/users/vts-zaposleni/downloads/ne brisati/eclipse/bin/../lib/gcc/avr/4.3.3/../../../../avr/lib/avr5/crtm328p.o
LOAD ./adc_utils.o
LOAD ./logic_utils.o
LOAD ./main.o
LOAD ./rand_mto.o
LOAD D:\ANJA\Anja\3.godina\2.semestar\Razvoj softvera za digitalne mikrokontrolere\Vezbe\4 organizacija u biblioteke\pin_driver\Release\libpin_driver.a
LOAD D:\ANJA\Anja\3.godina\2.semestar\Razvoj softvera za digitalne mikrokontrolere\Vezbe\4 organizacija u biblioteke\timer_0\Release\libtimer_0.a
LOAD c:/users/vts-zaposleni/downloads/ne brisati/eclipse/bin/../lib/gcc/avr/4.3.3/avr5\libgcc.a
LOAD c:/users/vts-zaposleni/downloads/ne brisati/eclipse/bin/../lib/gcc/avr/4.3.3/../../../../avr/lib/avr5\libc.a
LOAD c:/users/vts-zaposleni/downloads/ne brisati/eclipse/bin/../lib/gcc/avr/4.3.3/avr5\libgcc.a

.hash
 *(.hash)

.dynsym
 *(.dynsym)

.dynstr
 *(.dynstr)

.gnu.version
 *(.gnu.version)

.gnu.version_d
 *(.gnu.version_d)

.gnu.version_r
 *(.gnu.version_r)

.rel.init
 *(.rel.init)

.rela.init
 *(.rela.init)

.rel.text
 *(.rel.text)
 *(.rel.text.*)
 *(.rel.gnu.linkonce.t*)

.rela.text
 *(.rela.text)
 *(.rela.text.*)
 *(.rela.gnu.linkonce.t*)

.rel.fini
 *(.rel.fini)

.rela.fini
 *(.rela.fini)

.rel.rodata
 *(.rel.rodata)
 *(.rel.rodata.*)
 *(.rel.gnu.linkonce.r*)

.rela.rodata
 *(.rela.rodata)
 *(.rela.rodata.*)
 *(.rela.gnu.linkonce.r*)

.rel.data
 *(.rel.data)
 *(.rel.data.*)
 *(.rel.gnu.linkonce.d*)

.rela.data
 *(.rela.data)
 *(.rela.data.*)
 *(.rela.gnu.linkonce.d*)

.rel.ctors
 *(.rel.ctors)

.rela.ctors
 *(.rela.ctors)

.rel.dtors
 *(.rel.dtors)

.rela.dtors
 *(.rela.dtors)

.rel.got
 *(.rel.got)

.rela.got
 *(.rela.got)

.rel.bss
 *(.rel.bss)

.rela.bss
 *(.rela.bss)

.rel.plt
 *(.rel.plt)

.rela.plt
 *(.rela.plt)

.text           0x00000000      0x66c
 *(.vectors)
 .vectors       0x00000000       0x68 c:/users/vts-zaposleni/downloads/ne brisati/eclipse/bin/../lib/gcc/avr/4.3.3/../../../../avr/lib/avr5/crtm328p.o
                0x00000000                __vectors
                0x00000000                __vector_default
 *(.vectors)
 *(.progmem.gcc*)
 *(.progmem*)
                0x00000068                . = ALIGN (0x2)
                0x00000068                __trampolines_start = .
 *(.trampolines)
 .trampolines   0x00000068        0x0 linker stubs
 *(.trampolines*)
                0x00000068                __trampolines_end = .
 *(.jumptables)
 *(.jumptables*)
 *(.lowtext)
 *(.lowtext*)
                0x00000068                __ctors_start = .
 *(.ctors)
                0x00000068                __ctors_end = .
                0x00000068                __dtors_start = .
 *(.dtors)
                0x00000068                __dtors_end = .
 SORT(*)(.ctors)
 SORT(*)(.dtors)
 *(.init0)
 .init0         0x00000068        0x0 c:/users/vts-zaposleni/downloads/ne brisati/eclipse/bin/../lib/gcc/avr/4.3.3/../../../../avr/lib/avr5/crtm328p.o
                0x00000068                __init
 *(.init0)
 *(.init1)
 *(.init1)
 *(.init2)
 .init2         0x00000068        0xc c:/users/vts-zaposleni/downloads/ne brisati/eclipse/bin/../lib/gcc/avr/4.3.3/../../../../avr/lib/avr5/crtm328p.o
 *(.init2)
 *(.init3)
 *(.init3)
 *(.init4)
 .init4         0x00000074       0x10 c:/users/vts-zaposleni/downloads/ne brisati/eclipse/bin/../lib/gcc/avr/4.3.3/avr5\libgcc.a(_clear_bss.o)
                0x00000074                __do_clear_bss
 *(.init4)
 *(.init5)
 *(.init5)
 *(.init6)
 *(.init6)
 *(.init7)
 *(.init7)
 *(.init8)
 *(.init8)
 *(.init9)
 .init9         0x00000084        0x8 c:/users/vts-zaposleni/downloads/ne brisati/eclipse/bin/../lib/gcc/avr/4.3.3/../../../../avr/lib/avr5/crtm328p.o
 *(.init9)
 *(.text)
 .text          0x0000008c        0x4 c:/users/vts-zaposleni/downloads/ne brisati/eclipse/bin/../lib/gcc/avr/4.3.3/../../../../avr/lib/avr5/crtm328p.o
                0x0000008c                __vector_22
                0x0000008c                __vector_1
                0x0000008c                __vector_24
                0x0000008c                __vector_12
                0x0000008c                __bad_interrupt
                0x0000008c                __vector_6
                0x0000008c                __vector_3
                0x0000008c                __vector_23
                0x0000008c                __vector_25
                0x0000008c                __vector_11
                0x0000008c                __vector_13
                0x0000008c                __vector_17
                0x0000008c                __vector_19
                0x0000008c                __vector_7
                0x0000008c                __vector_5
                0x0000008c                __vector_4
                0x0000008c                __vector_9
                0x0000008c                __vector_2
                0x0000008c                __vector_21
                0x0000008c                __vector_15
                0x0000008c                __vector_8
                0x0000008c                __vector_10
                0x0000008c                __vector_16
                0x0000008c                __vector_18
                0x0000008c                __vector_20
 .text          0x00000090        0x0 ./adc_utils.o
 .text          0x00000090        0x0 ./logic_utils.o
 .text          0x00000090        0x0 ./main.o
 .text          0x00000090        0x0 ./rand_mto.o
 .text          0x00000090        0x0 D:\ANJA\Anja\3.godina\2.semestar\Razvoj softvera za digitalne mikrokontrolere\Vezbe\4 organizacija u biblioteke\pin_driver\Release\libpin_driver.a(pin.o)
 .text          0x00000090        0x0 D:\ANJA\Anja\3.godina\2.semestar\Razvoj softvera za digitalne mikrokontrolere\Vezbe\4 organizacija u biblioteke\timer_0\Release\libtimer_0.a(timer0.o)
 .text          0x00000090        0x0 c:/users/vts-zaposleni/downloads/ne brisati/eclipse/bin/../lib/gcc/avr/4.3.3/avr5\libgcc.a(_udivmodhi4.o)
 .text          0x00000090        0x0 c:/users/vts-zaposleni/downloads/ne brisati/eclipse/bin/../lib/gcc/avr/4.3.3/avr5\libgcc.a(_exit.o)
 .text          0x00000090        0x0 c:/users/vts-zaposleni/downloads/ne brisati/eclipse/bin/../lib/gcc/avr/4.3.3/avr5\libgcc.a(_clear_bss.o)
                0x00000090                . = ALIGN (0x2)
 *(.text.*)
 .text.RunConversion
                0x00000090       0x22 ./adc_utils.o
                0x00000090                RunConversion
 .text.SetChannel
                0x000000b2       0x40 ./adc_utils.o
                0x000000b2                SetChannel
 .text.SetPrescaler
                0x000000f2       0x40 ./adc_utils.o
                0x000000f2                SetPrescaler
 .text.SetEnable
                0x00000132       0x24 ./adc_utils.o
                0x00000132                SetEnable
 .text.SetVref  0x00000156       0x66 ./adc_utils.o
                0x00000156                SetVref
 .text.InitADC  0x000001bc       0x18 ./adc_utils.o
                0x000001bc                InitADC
 .text.ReadADC  0x000001d4       0x20 ./adc_utils.o
                0x000001d4                ReadADC
 .text.SetBit   0x000001f4       0x16 ./logic_utils.o
                0x000001f4                SetBit
 .text.ClearBit
                0x0000020a       0x1a ./logic_utils.o
                0x0000020a                ClearBit
 .text.ToggleBit
                0x00000224       0x16 ./logic_utils.o
                0x00000224                ToggleBit
 .text.CheckBit
                0x0000023a       0x20 ./logic_utils.o
                0x0000023a                CheckBit
 .text.BitmaskSet
                0x0000025a        0x4 ./logic_utils.o
                0x0000025a                BitmaskSet
 .text.BitmaskClear
                0x0000025e        0x6 ./logic_utils.o
                0x0000025e                BitmaskClear
 .text.Not      0x00000264        0xa ./logic_utils.o
                0x00000264                Not
 .text.And      0x0000026e        0x8 ./logic_utils.o
                0x0000026e                And
 .text.Or       0x00000276        0x8 ./logic_utils.o
                0x00000276                Or
 .text.Xor      0x0000027e        0x8 ./logic_utils.o
                0x0000027e                Xor
 .text.ShiftLeft
                0x00000286       0x1a ./logic_utils.o
                0x00000286                ShiftLeft
 .text.ShiftRight
                0x000002a0       0x10 ./logic_utils.o
                0x000002a0                ShiftRight
 .text.main     0x000002b0       0x88 ./main.o
                0x000002b0                main
 .text.UpdateState
                0x00000338       0x2a ./rand_mto.o
                0x00000338                UpdateState
 .text.InitRand
                0x00000362       0x22 ./rand_mto.o
                0x00000362                InitRand
 .text.GenerateNextBit
                0x00000384       0x68 ./rand_mto.o
                0x00000384                GenerateNextBit
 .text.Rand     0x000003ec       0x1c ./rand_mto.o
                0x000003ec                Rand
 .text.RandRange
                0x00000408       0x32 ./rand_mto.o
                0x00000408                RandRange
 .text.pinSetValue
                0x0000043a       0xa6 D:\ANJA\Anja\3.godina\2.semestar\Razvoj softvera za digitalne mikrokontrolere\Vezbe\4 organizacija u biblioteke\pin_driver\Release\libpin_driver.a(pin.o)
                0x0000043a                pinSetValue
 .text.pinInit  0x000004e0       0xa6 D:\ANJA\Anja\3.godina\2.semestar\Razvoj softvera za digitalne mikrokontrolere\Vezbe\4 organizacija u biblioteke\pin_driver\Release\libpin_driver.a(pin.o)
                0x000004e0                pinInit
 .text.timer0DelayMs
                0x00000586       0x5c D:\ANJA\Anja\3.godina\2.semestar\Razvoj softvera za digitalne mikrokontrolere\Vezbe\4 organizacija u biblioteke\timer_0\Release\libtimer_0.a(timer0.o)
                0x00000586                timer0DelayMs
 .text.timer0InteruptInit
                0x000005e2       0x14 D:\ANJA\Anja\3.godina\2.semestar\Razvoj softvera za digitalne mikrokontrolere\Vezbe\4 organizacija u biblioteke\timer_0\Release\libtimer_0.a(timer0.o)
                0x000005e2                timer0InteruptInit
 .text.__vector_14
                0x000005f6       0x4a D:\ANJA\Anja\3.godina\2.semestar\Razvoj softvera za digitalne mikrokontrolere\Vezbe\4 organizacija u biblioteke\timer_0\Release\libtimer_0.a(timer0.o)
                0x000005f6                __vector_14
 .text.libgcc   0x00000640       0x28 c:/users/vts-zaposleni/downloads/ne brisati/eclipse/bin/../lib/gcc/avr/4.3.3/avr5\libgcc.a(_udivmodhi4.o)
                0x00000640                __udivmodhi4
 .text.libgcc   0x00000668        0x0 c:/users/vts-zaposleni/downloads/ne brisati/eclipse/bin/../lib/gcc/avr/4.3.3/avr5\libgcc.a(_exit.o)
 .text.libgcc   0x00000668        0x0 c:/users/vts-zaposleni/downloads/ne brisati/eclipse/bin/../lib/gcc/avr/4.3.3/avr5\libgcc.a(_clear_bss.o)
                0x00000668                . = ALIGN (0x2)
 *(.fini9)
 .fini9         0x00000668        0x0 c:/users/vts-zaposleni/downloads/ne brisati/eclipse/bin/../lib/gcc/avr/4.3.3/avr5\libgcc.a(_exit.o)
                0x00000668                exit
                0x00000668                _exit
 *(.fini9)
 *(.fini8)
 *(.fini8)
 *(.fini7)
 *(.fini7)
 *(.fini6)
 *(.fini6)
 *(.fini5)
 *(.fini5)
 *(.fini4)
 *(.fini4)
 *(.fini3)
 *(.fini3)
 *(.fini2)
 *(.fini2)
 *(.fini1)
 *(.fini1)
 *(.fini0)
 .fini0         0x00000668        0x4 c:/users/vts-zaposleni/downloads/ne brisati/eclipse/bin/../lib/gcc/avr/4.3.3/avr5\libgcc.a(_exit.o)
 *(.fini0)
                0x0000066c                _etext = .

.data           0x00800100        0x0 load address 0x0000066c
                0x00800100                PROVIDE (__data_start, .)
 *(.data)
 .data          0x00800100        0x0 c:/users/vts-zaposleni/downloads/ne brisati/eclipse/bin/../lib/gcc/avr/4.3.3/../../../../avr/lib/avr5/crtm328p.o
 .data          0x00800100        0x0 ./adc_utils.o
 .data          0x00800100        0x0 ./logic_utils.o
 .data          0x00800100        0x0 ./main.o
 .data          0x00800100        0x0 ./rand_mto.o
 .data          0x00800100        0x0 D:\ANJA\Anja\3.godina\2.semestar\Razvoj softvera za digitalne mikrokontrolere\Vezbe\4 organizacija u biblioteke\pin_driver\Release\libpin_driver.a(pin.o)
 .data          0x00800100        0x0 D:\ANJA\Anja\3.godina\2.semestar\Razvoj softvera za digitalne mikrokontrolere\Vezbe\4 organizacija u biblioteke\timer_0\Release\libtimer_0.a(timer0.o)
 .data          0x00800100        0x0 c:/users/vts-zaposleni/downloads/ne brisati/eclipse/bin/../lib/gcc/avr/4.3.3/avr5\libgcc.a(_udivmodhi4.o)
 .data          0x00800100        0x0 c:/users/vts-zaposleni/downloads/ne brisati/eclipse/bin/../lib/gcc/avr/4.3.3/avr5\libgcc.a(_exit.o)
 .data          0x00800100        0x0 c:/users/vts-zaposleni/downloads/ne brisati/eclipse/bin/../lib/gcc/avr/4.3.3/avr5\libgcc.a(_clear_bss.o)
 *(.data*)
 *(.rodata)
 *(.rodata*)
 *(.gnu.linkonce.d*)
                0x00800100                . = ALIGN (0x2)
                0x00800100                _edata = .
                0x00800100                PROVIDE (__data_end, .)

.bss            0x00800100        0x6
                0x00800100                PROVIDE (__bss_start, .)
 *(.bss)
 .bss           0x00800100        0x0 c:/users/vts-zaposleni/downloads/ne brisati/eclipse/bin/../lib/gcc/avr/4.3.3/../../../../avr/lib/avr5/crtm328p.o
 .bss           0x00800100        0x0 ./adc_utils.o
 .bss           0x00800100        0x0 ./logic_utils.o
 .bss           0x00800100        0x0 ./main.o
 .bss           0x00800100        0x0 ./rand_mto.o
 .bss           0x00800100        0x0 D:\ANJA\Anja\3.godina\2.semestar\Razvoj softvera za digitalne mikrokontrolere\Vezbe\4 organizacija u biblioteke\pin_driver\Release\libpin_driver.a(pin.o)
 .bss           0x00800100        0x0 D:\ANJA\Anja\3.godina\2.semestar\Razvoj softvera za digitalne mikrokontrolere\Vezbe\4 organizacija u biblioteke\timer_0\Release\libtimer_0.a(timer0.o)
 .bss           0x00800100        0x0 c:/users/vts-zaposleni/downloads/ne brisati/eclipse/bin/../lib/gcc/avr/4.3.3/avr5\libgcc.a(_udivmodhi4.o)
 .bss           0x00800100        0x0 c:/users/vts-zaposleni/downloads/ne brisati/eclipse/bin/../lib/gcc/avr/4.3.3/avr5\libgcc.a(_exit.o)
 .bss           0x00800100        0x0 c:/users/vts-zaposleni/downloads/ne brisati/eclipse/bin/../lib/gcc/avr/4.3.3/avr5\libgcc.a(_clear_bss.o)
 *(.bss*)
 .bss.ms        0x00800100        0x4 D:\ANJA\Anja\3.godina\2.semestar\Razvoj softvera za digitalne mikrokontrolere\Vezbe\4 organizacija u biblioteke\timer_0\Release\libtimer_0.a(timer0.o)
                0x00800100                ms
 *(COMMON)
 COMMON         0x00800104        0x2 ./rand_mto.o
                0x00800104                current_state
                0x00800106                PROVIDE (__bss_end, .)
                0x0000066c                __data_load_start = LOADADDR (.data)
                0x0000066c                __data_load_end = (__data_load_start + SIZEOF (.data))

.noinit         0x00800106        0x0
                0x00800106                PROVIDE (__noinit_start, .)
 *(.noinit*)
                0x00800106                PROVIDE (__noinit_end, .)
                0x00800106                _end = .
                0x00800106                PROVIDE (__heap_start, .)

.eeprom         0x00810000        0x0
 *(.eeprom*)
                0x00810000                __eeprom_end = .

.fuse
 *(.fuse)
 *(.lfuse)
 *(.hfuse)
 *(.efuse)

.lock
 *(.lock*)

.signature
 *(.signature*)

.stab
 *(.stab)

.stabstr
 *(.stabstr)

.stab.excl
 *(.stab.excl)

.stab.exclstr
 *(.stab.exclstr)

.stab.index
 *(.stab.index)

.stab.indexstr
 *(.stab.indexstr)

.comment
 *(.comment)

.debug
 *(.debug)

.line
 *(.line)

.debug_srcinfo
 *(.debug_srcinfo)

.debug_sfnames
 *(.debug_sfnames)

.debug_aranges
 *(.debug_aranges)

.debug_pubnames
 *(.debug_pubnames)

.debug_info
 *(.debug_info)
 *(.gnu.linkonce.wi.*)

.debug_abbrev
 *(.debug_abbrev)

.debug_line
 *(.debug_line)

.debug_frame
 *(.debug_frame)

.debug_str
 *(.debug_str)

.debug_loc
 *(.debug_loc)

.debug_macinfo
 *(.debug_macinfo)
OUTPUT(Zadatak1.elf elf32-avr)
LOAD linker stubs
